#-----------------------------------------------------------
# Vivado v2018.3 (64-bit)
# SW Build 2405991 on Thu Dec  6 23:36:41 MST 2018
# IP Build 2404404 on Fri Dec  7 01:43:56 MST 2018
# Start of session at: Mon Jun 17 16:32:45 2019
# Process ID: 12846
# Current directory: /media/sf_Projects/ZynqRobotController/FPGA/Zynq_Robot_Controller/Zynq_Robot_Controller.tmp/AXI_PWM_Reader_8CH_v1_0_project/AXI_PWM_Reader_8CH_v1_0_project.runs/synth_1
# Command line: vivado -log AXI_PWM_Reader_8CH_v1_0.vds -product Vivado -mode batch -messageDb vivado.pb -notrace -source AXI_PWM_Reader_8CH_v1_0.tcl
# Log file: /media/sf_Projects/ZynqRobotController/FPGA/Zynq_Robot_Controller/Zynq_Robot_Controller.tmp/AXI_PWM_Reader_8CH_v1_0_project/AXI_PWM_Reader_8CH_v1_0_project.runs/synth_1/AXI_PWM_Reader_8CH_v1_0.vds
# Journal file: /media/sf_Projects/ZynqRobotController/FPGA/Zynq_Robot_Controller/Zynq_Robot_Controller.tmp/AXI_PWM_Reader_8CH_v1_0_project/AXI_PWM_Reader_8CH_v1_0_project.runs/synth_1/vivado.jou
#-----------------------------------------------------------
source AXI_PWM_Reader_8CH_v1_0.tcl -notrace
